[     163ms] [LOG] [Fast Refresh] rebuilding @ http://localhost:8000/_next/static/chunks/node_modules_next_dist_client_cf1d9188._.js:5956
[     685ms] [LOG] [Fast Refresh] done in 624ms @ http://localhost:8000/_next/static/chunks/node_modules_next_dist_client_cf1d9188._.js:5816
[    1373ms] [INFO] %cDownload the React DevTools for a better development experience: https://react.dev/link/react-devtools font-weight:bold @ http://localhost:8000/_next/static/chunks/node_modules_next_dist_compiled_react-dom_1e674e59._.js:14537
[    1436ms] [WARNING] Image with src "http://localhost:8000/fitrat/desi-ghee.png" is using quality "50" which is not configured in images.qualities. This config will be required starting in Next.js 16.
Read more: https://nextjs.org/docs/messages/next-image-unconfigured-qualities @ http://localhost:8000/_next/static/chunks/node_modules_next_dist_b0daae9a._.js:1014
[    1498ms] Error: Hydration failed because the server rendered text didn't match the client. As a result this tree will be regenerated on the client. This can happen if a SSR-ed Client Component used:

- A server/client branch `if (typeof window !== 'undefined')`.
- Variable input such as `Date.now()` or `Math.random()` which changes each time it's called.
- Date formatting in a user's locale which doesn't match the server.
- External changing data without sending a snapshot of it along with the HTML.
- Invalid HTML tag nesting.

It can also happen if the client has a browser extension installed which messes with the HTML before React loaded.

https://react.dev/link/hydration-mismatch

  ...
    <InnerLayoutRouter url="/pk/checko..." tree={[...]} cacheNode={{lazyData:null, ...}} segmentPath={[...]}>
      <SegmentViewNode type="page" pagePath="/apps/stor...">
        <SegmentTrieNode>
        <Checkout>
          <div className="grid grid-...">
            <PaymentWrapper cart={{id:"cart_0...", ...}}>
              <div>
                <CheckoutForm>
                  <div className="w-full gri...">
                    <Addresses>
                    <Shipping cart={{id:"cart_0...", ...}} availableShippingMethods={[...]}>
                      <div className="bg-white">
                        <div>
                        <div>
                          <div className="text-small...">
                            <div className="flex flex-...">
                              <_c>
                              <_c className="txt-medium...">
                                <p ref={null} className="text-base ...">
+                                 PKR 200
-                                 PKR 200.00
                        ...
                    ...
            ...
      ...

    at throwOnHydrationMismatch (http://localhost:8000/_next/static/chunks/node_modules_next_dist_compiled_react-dom_1e674e59._.js:2892:56)
    at completeWork (http://localhost:8000/_next/static/chunks/node_modules_next_dist_compiled_react-dom_1e674e59._.js:6427:36)
    at runWithFiberInDEV (http://localhost:8000/_next/static/chunks/node_modules_next_dist_compiled_react-dom_1e674e59._.js:886:74)
    at completeUnitOfWork (http://localhost:8000/_next/static/chunks/node_modules_next_dist_compiled_react-dom_1e674e59._.js:8363:23)
    at performUnitOfWork (http://localhost:8000/_next/static/chunks/node_modules_next_dist_compiled_react-dom_1e674e59._.js:8300:28)
    at workLoopConcurrentByScheduler (http://localhost:8000/_next/static/chunks/node_modules_next_dist_compiled_react-dom_1e674e59._.js:8294:58)
    at renderRootConcurrent (http://localhost:8000/_next/static/chunks/node_modules_next_dist_compiled_react-dom_1e674e59._.js:8276:71)
    at performWorkOnRoot (http://localhost:8000/_next/static/chunks/node_modules_next_dist_compiled_react-dom_1e674e59._.js:7908:176)
    at performWorkOnRootViaSchedulerTask (http://localhost:8000/_next/static/chunks/node_modules_next_dist_compiled_react-dom_1e674e59._.js:8882:9)
    at MessagePort.performWorkUntilDeadline (http://localhost:8000/_next/static/chunks/node_modules_next_dist_compiled_5150ccfd._.js:2601:64)
[  185130ms] [LOG] [Fast Refresh] rebuilding @ http://localhost:8000/_next/static/chunks/node_modules_next_dist_client_cf1d9188._.js:5956
[  185411ms] [LOG] [Fast Refresh] done in 382ms @ http://localhost:8000/_next/static/chunks/node_modules_next_dist_client_cf1d9188._.js:5816
[  270160ms] [LOG] [Fast Refresh] rebuilding @ http://localhost:8000/_next/static/chunks/node_modules_next_dist_client_cf1d9188._.js:5956
[  270607ms] [LOG] [Fast Refresh] done in 548ms @ http://localhost:8000/_next/static/chunks/node_modules_next_dist_client_cf1d9188._.js:5816
[  271243ms] [LOG] [Fast Refresh] rebuilding @ http://localhost:8000/_next/static/chunks/node_modules_next_dist_client_cf1d9188._.js:5956
[  271319ms] [LOG] [Fast Refresh] done in 177ms @ http://localhost:8000/_next/static/chunks/node_modules_next_dist_client_cf1d9188._.js:5816
