[     508ms] [INFO] %cDownload the React DevTools for a better development experience: https://react.dev/link/react-devtools font-weight:bold @ http://localhost:8000/_next/static/chunks/node_modules_next_dist_compiled_react-dom_1e674e59._.js:14537
[     724ms] [WARNING] Image with src "http://localhost:8000/fitrat/mustard-oil.png" is using quality "50" which is not configured in images.qualities. This config will be required starting in Next.js 16.
Read more: https://nextjs.org/docs/messages/next-image-unconfigured-qualities @ http://localhost:8000/_next/static/chunks/node_modules_next_dist_b0daae9a._.js:1014
[     725ms] [WARNING] Image with src "http://localhost:8000/fitrat/honey.png" is using quality "50" which is not configured in images.qualities. This config will be required starting in Next.js 16.
Read more: https://nextjs.org/docs/messages/next-image-unconfigured-qualities @ http://localhost:8000/_next/static/chunks/node_modules_next_dist_b0daae9a._.js:1014
[     726ms] [WARNING] Image with src "http://localhost:8000/fitrat/butter.png" is using quality "50" which is not configured in images.qualities. This config will be required starting in Next.js 16.
Read more: https://nextjs.org/docs/messages/next-image-unconfigured-qualities @ http://localhost:8000/_next/static/chunks/node_modules_next_dist_b0daae9a._.js:1014
[     727ms] [WARNING] Image with src "http://localhost:8000/fitrat/olive-oil.png" is using quality "50" which is not configured in images.qualities. This config will be required starting in Next.js 16.
Read more: https://nextjs.org/docs/messages/next-image-unconfigured-qualities @ http://localhost:8000/_next/static/chunks/node_modules_next_dist_b0daae9a._.js:1014
[     730ms] Error: Hydration failed because the server rendered text didn't match the client. As a result this tree will be regenerated on the client. This can happen if a SSR-ed Client Component used:

- A server/client branch `if (typeof window !== 'undefined')`.
- Variable input such as `Date.now()` or `Math.random()` which changes each time it's called.
- Date formatting in a user's locale which doesn't match the server.
- External changing data without sending a snapshot of it along with the HTML.
- Invalid HTML tag nesting.

It can also happen if the client has a browser extension installed which messes with the HTML before React loaded.

https://react.dev/link/hydration-mismatch

  ...
    <RedirectErrorBoundary router={{...}}>
      <InnerLayoutRouter url="/pk/produc..." tree={[...]} cacheNode={{lazyData:null, ...}} segmentPath={[...]}>
        <SegmentViewNode type="page" pagePath="/apps/stor...">
          <SegmentTrieNode>
          <ProductPage>
            <ProductTemplate>
              <div className="content-co..." data-testid="product-co...">
                <div>
                <div>
                <div className="flex flex-...">
                  <Suspense fallback={{...}}>
                    <ProductActionsWrapper>
                      <ProductActions product={{id:"prod_0...", ...}} region={{id:"reg_01...", ...}}>
                        <div className="flex flex-..." ref={{current:null}}>
                          <div>
                          <ProductPrice product={{id:"prod_0...", ...}} variant={undefined}>
                            <div className="flex flex-...">
                              <span className="text-xl-semi">
                                <span data-testid="product-price" data-value={1650}>
+                                 PKR 1,650
-                                 PKR 1,650.00
                          ...
              ...
        ...
      ...

    at throwOnHydrationMismatch (http://localhost:8000/_next/static/chunks/node_modules_next_dist_compiled_react-dom_1e674e59._.js:2892:56)
    at prepareToHydrateHostInstance (http://localhost:8000/_next/static/chunks/node_modules_next_dist_compiled_react-dom_1e674e59._.js:2946:23)
    at completeWork (http://localhost:8000/_next/static/chunks/node_modules_next_dist_compiled_react-dom_1e674e59._.js:6330:60)
    at runWithFiberInDEV (http://localhost:8000/_next/static/chunks/node_modules_next_dist_compiled_react-dom_1e674e59._.js:886:74)
    at completeUnitOfWork (http://localhost:8000/_next/static/chunks/node_modules_next_dist_compiled_react-dom_1e674e59._.js:8363:23)
    at performUnitOfWork (http://localhost:8000/_next/static/chunks/node_modules_next_dist_compiled_react-dom_1e674e59._.js:8300:28)
    at workLoopConcurrentByScheduler (http://localhost:8000/_next/static/chunks/node_modules_next_dist_compiled_react-dom_1e674e59._.js:8294:58)
    at renderRootConcurrent (http://localhost:8000/_next/static/chunks/node_modules_next_dist_compiled_react-dom_1e674e59._.js:8276:71)
    at performWorkOnRoot (http://localhost:8000/_next/static/chunks/node_modules_next_dist_compiled_react-dom_1e674e59._.js:7908:176)
    at performWorkOnRootViaSchedulerTask (http://localhost:8000/_next/static/chunks/node_modules_next_dist_compiled_react-dom_1e674e59._.js:8882:9)
    at MessagePort.performWorkUntilDeadline (http://localhost:8000/_next/static/chunks/node_modules_next_dist_compiled_5150ccfd._.js:2601:64)
[   18582ms] [WARNING] Image with src "http://localhost:8000/fitrat/desi-ghee.png" is using quality "50" which is not configured in images.qualities. This config will be required starting in Next.js 16.
Read more: https://nextjs.org/docs/messages/next-image-unconfigured-qualities @ http://localhost:8000/_next/static/chunks/node_modules_next_dist_b0daae9a._.js:1014
